分类: 📺央视频道, 名称: CCTV-1, 有效: 2, IPv4: 7, IPv6: 0, 最小延迟: 41 ms, 最高速率: 8.12 MiB/s, 平均速率: 6.01 MiB/s, 最高分辨率: 1280x720, 平均帧率: 25.0, 视频编解码器: h264, 音频编解码器: aac
分类: 📺央视频道, 名称: CCTV-2, 有效: 2, IPv4: 7, IPv6: 0, 最小延迟: 25 ms, 最高速率: 22.21 MiB/s, 平均速率: 13.30 MiB/s, 最高分辨率: 1280x720, 平均帧率: 25.0, 视频编解码器: h264, 音频编解码器: aac
分类: 📺央视频道, 名称: CCTV-3, 有效: 2, IPv4: 7, IPv6: 0, 最小延迟: 40 ms, 最高速率: 10.09 MiB/s, 平均速率: 6.91 MiB/s, 最高分辨率: 1920x1080, 平均帧率: 27.5, 视频编解码器: h264, 音频编解码器: aac
分类: 📺央视频道, 名称: CCTV-4, 有效: 1, IPv4: 6, IPv6: 0, 最小延迟: 40 ms, 最高速率: 4.01 MiB/s, 平均速率: 4.01 MiB/s, 最高分辨率: 1280x720, 平均帧率: 35.0, 视频编解码器: h264, 音频编解码器: aac
分类: 📺央视频道, 名称: CCTV-5, 有效: 1, IPv4: 6, IPv6: 0, 最小延迟: 45 ms, 最高速率: 2.32 MiB/s, 平均速率: 2.32 MiB/s, 最高分辨率: 1920x1080, 平均帧率: 33.33, 视频编解码器: h264, 音频编解码器: mp2
分类: 📺央视频道, 名称: CCTV-5+, 有效: 1, IPv4: 7, IPv6: 0, 最小延迟: 27 ms, 最高速率: 13.98 MiB/s, 平均速率: 13.98 MiB/s, 最高分辨率: 1920x1080, 平均帧率: 25.0, 视频编解码器: h264, 音频编解码器: aac
分类: 📺央视频道, 名称: CCTV-6, 有效: 2, IPv4: 7, IPv6: 0, 最小延迟: 25 ms, 最高速率: 27.14 MiB/s, 平均速率: 17.34 MiB/s, 最高分辨率: 1280x720, 平均帧率: 26.67, 视频编解码器: h264, 音频编解码器: aac
分类: 📺央视频道, 名称: CCTV-7, 有效: 2, IPv4: 7, IPv6: 0, 最小延迟: 26 ms, 最高速率: 11.19 MiB/s, 平均速率: 7.52 MiB/s, 最高分辨率: 1920x1080, 平均帧率: 26.67, 视频编解码器: h264, 音频编解码器: aac
分类: 📺央视频道, 名称: CCTV-8, 有效: 2, IPv4: 7, IPv6: 0, 最小延迟: 26 ms, 最高速率: 21.54 MiB/s, 平均速率: 12.62 MiB/s, 最高分辨率: 1280x720, 平均帧率: 25.0, 视频编解码器: h264, 音频编解码器: aac
分类: 📺央视频道, 名称: CCTV-9, 有效: 1, IPv4: 6, IPv6: 0, 最小延迟: 27 ms, 最高速率: 23.94 MiB/s, 平均速率: 23.94 MiB/s, 最高分辨率: 1920x1080, 平均帧率: 25.0, 视频编解码器: h264, 音频编解码器: aac
分类: 📺央视频道, 名称: CCTV-10, 有效: 1, IPv4: 6, IPv6: 0, 最小延迟: 25 ms, 最高速率: 9.37 MiB/s, 平均速率: 9.37 MiB/s, 最高分辨率: 1280x720, 平均帧率: 25.0, 视频编解码器: h264, 音频编解码器: aac
分类: 📺央视频道, 名称: CCTV-11, 有效: 1, IPv4: 6, IPv6: 0, 最小延迟: 25 ms, 最高速率: 26.61 MiB/s, 平均速率: 26.61 MiB/s, 最高分辨率: 1280x720, 平均帧率: 25.0, 视频编解码器: h264, 音频编解码器: aac
分类: 📺央视频道, 名称: CCTV-12, 有效: 1, IPv4: 6, IPv6: 0, 最小延迟: 38 ms, 最高速率: 4.81 MiB/s, 平均速率: 4.81 MiB/s, 最高分辨率: 1920x1080, 平均帧率: 37.5, 视频编解码器: h264, 音频编解码器: aac
分类: 📺央视频道, 名称: CCTV-13, 有效: 1, IPv4: 7, IPv6: 0, 最小延迟: 40 ms, 最高速率: 4.05 MiB/s, 平均速率: 4.05 MiB/s, 最高分辨率: 1920x1080, 平均帧率: 25.0, 视频编解码器: h264, 音频编解码器: aac
分类: 📺央视频道, 名称: CCTV-14, 有效: 1, IPv4: 6, IPv6: 0, 最小延迟: 26 ms, 最高速率: 21.00 MiB/s, 平均速率: 21.00 MiB/s, 最高分辨率: 1280x720, 平均帧率: 25.0, 视频编解码器: h264, 音频编解码器: aac
分类: 📺央视频道, 名称: CCTV-15, 有效: 0, IPv4: 5, IPv6: 0, 最小延迟: 325 ms, 最高速率: 0.07 MiB/s, 平均速率: 0.00 MiB/s, 最高分辨率: —, 平均帧率: 未知, 视频编解码器: 未知, 音频编解码器: 未知
分类: 📺央视频道, 名称: CCTV-16, 有效: 0, IPv4: 6, IPv6: 0, 最小延迟: 328 ms, 最高速率: 0.25 MiB/s, 平均速率: 0.00 MiB/s, 最高分辨率: 1920x1080, 平均帧率: 50.0, 视频编解码器: h264, 音频编解码器: mp2
分类: 📺央视频道, 名称: CCTV-17, 有效: 1, IPv4: 6, IPv6: 0, 最小延迟: 40 ms, 最高速率: 10.24 MiB/s, 平均速率: 10.24 MiB/s, 最高分辨率: 1920x1080, 平均帧率: 25.0, 视频编解码器: h264, 音频编解码器: aac
分类: 📺央视频道, 名称: CETV-1, 有效: 1, IPv4: 4, IPv6: 0, 最小延迟: 41 ms, 最高速率: 8.01 MiB/s, 平均速率: 8.01 MiB/s, 最高分辨率: 1920x1080, 平均帧率: 25.0, 视频编解码器: h264, 音频编解码器: aac
分类: 📺央视频道, 名称: CETV-2, 有效: 0, IPv4: 2, IPv6: 0, 最小延迟: 351 ms, 最高速率: 0.01 MiB/s, 平均速率: 0.00 MiB/s, 最高分辨率: —, 平均帧率: 未知, 视频编解码器: 未知, 音频编解码器: 未知
分类: 📺央视频道, 名称: CETV-4, 有效: 0, IPv4: 3, IPv6: 0, 最小延迟: 368 ms, 最高速率: 0.40 MiB/s, 平均速率: 0.00 MiB/s, 最高分辨率: 720x576, 平均帧率: 25.0, 视频编解码器: h264, 音频编解码器: aac
分类: 📡卫视频道, 名称: 广东卫视, 有效: 2, IPv4: 6, IPv6: 0, 最小延迟: 37 ms, 最高速率: 12.35 MiB/s, 平均速率: 11.49 MiB/s, 最高分辨率: 1920x1080, 平均帧率: 25.0, 视频编解码器: h264, 音频编解码器: aac
分类: 📡卫视频道, 名称: 浙江卫视, 有效: 1, IPv4: 5, IPv6: 0, 最小延迟: 38 ms, 最高速率: 11.44 MiB/s, 平均速率: 11.44 MiB/s, 最高分辨率: 1920x1080, 平均帧率: 25.0, 视频编解码器: h264, 音频编解码器: aac
分类: 📡卫视频道, 名称: 湖南卫视, 有效: 4, IPv4: 6, IPv6: 0, 最小延迟: 29 ms, 最高速率: 16.32 MiB/s, 平均速率: 7.05 MiB/s, 最高分辨率: 3840x2160, 平均帧率: 25.0, 视频编解码器: h264, 音频编解码器: aac
分类: 📡卫视频道, 名称: 北京卫视, 有效: 1, IPv4: 7, IPv6: 0, 最小延迟: 41 ms, 最高速率: 11.39 MiB/s, 平均速率: 11.39 MiB/s, 最高分辨率: 1920x1080, 平均帧率: 25.0, 视频编解码器: h264, 音频编解码器: aac
分类: 📡卫视频道, 名称: 湖北卫视, 有效: 1, IPv4: 6, IPv6: 0, 最小延迟: 40 ms, 最高速率: 9.16 MiB/s, 平均速率: 9.16 MiB/s, 最高分辨率: 1920x1080, 平均帧率: 25.0, 视频编解码器: h264, 音频编解码器: aac
分类: 📡卫视频道, 名称: 黑龙江卫视, 有效: 1, IPv4: 5, IPv6: 0, 最小延迟: 41 ms, 最高速率: 9.98 MiB/s, 平均速率: 9.98 MiB/s, 最高分辨率: 1920x1080, 平均帧率: 25.0, 视频编解码器: h264, 音频编解码器: aac
分类: 📡卫视频道, 名称: 安徽卫视, 有效: 1, IPv4: 6, IPv6: 0, 最小延迟: 41 ms, 最高速率: 4.50 MiB/s, 平均速率: 4.50 MiB/s, 最高分辨率: 1920x1080, 平均帧率: 25.0, 视频编解码器: h264, 音频编解码器: aac
分类: 📡卫视频道, 名称: 重庆卫视, 有效: 1, IPv4: 6, IPv6: 0, 最小延迟: 39 ms, 最高速率: 11.74 MiB/s, 平均速率: 11.74 MiB/s, 最高分辨率: 1920x1080, 平均帧率: 25.0, 视频编解码器: h264, 音频编解码器: mp2
分类: 📡卫视频道, 名称: 东方卫视, 有效: 2, IPv4: 6, IPv6: 0, 最小延迟: 26 ms, 最高速率: 18.23 MiB/s, 平均速率: 11.21 MiB/s, 最高分辨率: 1920x1080, 平均帧率: 33.33, 视频编解码器: h264, 音频编解码器: aac
分类: 📡卫视频道, 名称: 东南卫视, 有效: 1, IPv4: 5, IPv6: 0, 最小延迟: 45 ms, 最高速率: 9.29 MiB/s, 平均速率: 9.29 MiB/s, 最高分辨率: 1920x1080, 平均帧率: 25.0, 视频编解码器: h264, 音频编解码器: aac
分类: 📡卫视频道, 名称: 甘肃卫视, 有效: 1, IPv4: 6, IPv6: 0, 最小延迟: 40 ms, 最高速率: 3.07 MiB/s, 平均速率: 3.07 MiB/s, 最高分辨率: 1280x720, 平均帧率: 60.0, 视频编解码器: h264, 音频编解码器: aac
分类: 📡卫视频道, 名称: 广西卫视, 有效: 1, IPv4: 6, IPv6: 0, 最小延迟: 41 ms, 最高速率: 16.15 MiB/s, 平均速率: 16.15 MiB/s, 最高分辨率: 1920x1080, 平均帧率: 25.0, 视频编解码器: h264, 音频编解码器: aac
分类: 📡卫视频道, 名称: 贵州卫视, 有效: 1, IPv4: 6, IPv6: 0, 最小延迟: 44 ms, 最高速率: 10.28 MiB/s, 平均速率: 10.28 MiB/s, 最高分辨率: 1920x1080, 平均帧率: 25.0, 视频编解码器: h264, 音频编解码器: aac
分类: 📡卫视频道, 名称: 海南卫视, 有效: 0, IPv4: 6, IPv6: 0, 最小延迟: 40 ms, 最高速率: 0.46 MiB/s, 平均速率: 0.00 MiB/s, 最高分辨率: 1920x1080, 平均帧率: 25.0, 视频编解码器: h264, 音频编解码器: aac
分类: 📡卫视频道, 名称: 河北卫视, 有效: 1, IPv4: 6, IPv6: 0, 最小延迟: 222 ms, 最高速率: 6.11 MiB/s, 平均速率: 6.11 MiB/s, 最高分辨率: 1920x1080, 平均帧率: 25.0, 视频编解码器: h264, 音频编解码器: aac
分类: 📡卫视频道, 名称: 河南卫视, 有效: 1, IPv4: 6, IPv6: 0, 最小延迟: 41 ms, 最高速率: 0.51 MiB/s, 平均速率: 0.51 MiB/s, 最高分辨率: 1920x1080, 平均帧率: 31.25, 视频编解码器: h264, 音频编解码器: mp2
分类: 📡卫视频道, 名称: 吉林卫视, 有效: 1, IPv4: 6, IPv6: 0, 最小延迟: 46 ms, 最高速率: 10.74 MiB/s, 平均速率: 10.74 MiB/s, 最高分辨率: 1920x1080, 平均帧率: 25.0, 视频编解码器: h264, 音频编解码器: aac
分类: 📡卫视频道, 名称: 江苏卫视, 有效: 1, IPv4: 6, IPv6: 0, 最小延迟: 39 ms, 最高速率: 11.63 MiB/s, 平均速率: 11.63 MiB/s, 最高分辨率: 1920x1080, 平均帧率: 25.0, 视频编解码器: h264, 音频编解码器: aac
分类: 📡卫视频道, 名称: 江西卫视, 有效: 1, IPv4: 6, IPv6: 0, 最小延迟: 40 ms, 最高速率: 14.24 MiB/s, 平均速率: 14.24 MiB/s, 最高分辨率: 1920x1080, 平均帧率: 25.0, 视频编解码器: h264, 音频编解码器: aac
分类: 📡卫视频道, 名称: 辽宁卫视, 有效: 1, IPv4: 6, IPv6: 0, 最小延迟: 44 ms, 最高速率: 11.64 MiB/s, 平均速率: 11.64 MiB/s, 最高分辨率: 1920x1080, 平均帧率: 25.0, 视频编解码器: h264, 音频编解码器: aac
分类: 📡卫视频道, 名称: 内蒙古卫视, 有效: 4, IPv4: 6, IPv6: 0, 最小延迟: 38 ms, 最高速率: 27.59 MiB/s, 平均速率: 16.11 MiB/s, 最高分辨率: 1920x1080, 平均帧率: 27.5, 视频编解码器: h264, 音频编解码器: aac
分类: 📡卫视频道, 名称: 宁夏卫视, 有效: 1, IPv4: 6, IPv6: 0, 最小延迟: 40 ms, 最高速率: 10.91 MiB/s, 平均速率: 10.91 MiB/s, 最高分辨率: 1920x1080, 平均帧率: 25.0, 视频编解码器: h264, 音频编解码器: aac
分类: 📡卫视频道, 名称: 青海卫视, 有效: 1, IPv4: 6, IPv6: 0, 最小延迟: 44 ms, 最高速率: 10.45 MiB/s, 平均速率: 10.45 MiB/s, 最高分辨率: 1920x1080, 平均帧率: 25.0, 视频编解码器: h264, 音频编解码器: aac
分类: 📡卫视频道, 名称: 山东卫视, 有效: 1, IPv4: 6, IPv6: 0, 最小延迟: 40 ms, 最高速率: 10.16 MiB/s, 平均速率: 10.16 MiB/s, 最高分辨率: 1920x1080, 平均帧率: 25.0, 视频编解码器: h264, 音频编解码器: aac
分类: 📡卫视频道, 名称: 山西卫视, 有效: 3, IPv4: 5, IPv6: 0, 最小延迟: 43 ms, 最高速率: 22.94 MiB/s, 平均速率: 13.50 MiB/s, 最高分辨率: 1920x1080, 平均帧率: 28.33, 视频编解码器: h264, 音频编解码器: aac
分类: 📡卫视频道, 名称: 陕西卫视, 有效: 2, IPv4: 3, IPv6: 0, 最小延迟: 40 ms, 最高速率: 15.04 MiB/s, 平均速率: 12.87 MiB/s, 最高分辨率: 1920x1080, 平均帧率: 27.5, 视频编解码器: h264, 音频编解码器: aac
分类: 📡卫视频道, 名称: 四川卫视, 有效: 1, IPv4: 7, IPv6: 0, 最小延迟: 37 ms, 最高速率: 11.47 MiB/s, 平均速率: 11.47 MiB/s, 最高分辨率: 1920x1080, 平均帧率: 25.0, 视频编解码器: h264, 音频编解码器: aac
分类: 📡卫视频道, 名称: 深圳卫视, 有效: 1, IPv4: 6, IPv6: 0, 最小延迟: 40 ms, 最高速率: 11.45 MiB/s, 平均速率: 11.45 MiB/s, 最高分辨率: 1920x1080, 平均帧率: 25.0, 视频编解码器: h264, 音频编解码器: aac
分类: 📡卫视频道, 名称: 三沙卫视, 有效: 0, IPv4: 2, IPv6: 0, 最小延迟: 355 ms, 最高速率: 0.08 MiB/s, 平均速率: 0.00 MiB/s, 最高分辨率: —, 平均帧率: 未知, 视频编解码器: 未知, 音频编解码器: 未知
分类: 📡卫视频道, 名称: 天津卫视, 有效: 1, IPv4: 6, IPv6: 0, 最小延迟: 40 ms, 最高速率: 15.00 MiB/s, 平均速率: 15.00 MiB/s, 最高分辨率: 1920x1080, 平均帧率: 25.0, 视频编解码器: h264, 音频编解码器: aac
分类: 📡卫视频道, 名称: 西藏卫视, 有效: 1, IPv4: 6, IPv6: 0, 最小延迟: 40 ms, 最高速率: 11.66 MiB/s, 平均速率: 11.66 MiB/s, 最高分辨率: 1920x1080, 平均帧率: 25.0, 视频编解码器: h264, 音频编解码器: mp2
分类: 📡卫视频道, 名称: 新疆卫视, 有效: 2, IPv4: 6, IPv6: 0, 最小延迟: 36 ms, 最高速率: 31.80 MiB/s, 平均速率: 21.60 MiB/s, 最高分辨率: 1920x1080, 平均帧率: 26.67, 视频编解码器: h264, 音频编解码器: aac
分类: 📡卫视频道, 名称: 云南卫视, 有效: 1, IPv4: 6, IPv6: 0, 最小延迟: 39 ms, 最高速率: 12.18 MiB/s, 平均速率: 12.18 MiB/s, 最高分辨率: 1920x1080, 平均帧率: 33.33, 视频编解码器: h264, 音频编解码器: mp2
分类: ☘️广东频道, 名称: 广东珠江, 有效: 0, IPv4: 5, IPv6: 0, 最小延迟: 339 ms, 最高速率: 0.37 MiB/s, 平均速率: 0.00 MiB/s, 最高分辨率: 1920x1080, 平均帧率: 37.5, 视频编解码器: h264, 音频编解码器: mp2
分类: ☘️广东频道, 名称: 广东体育, 有效: 0, IPv4: 4, IPv6: 0, 最小延迟: 342 ms, 最高速率: 0.21 MiB/s, 平均速率: 0.00 MiB/s, 最高分辨率: 720x576, 平均帧率: 25.0, 视频编解码器: mpeg2video, 音频编解码器: mp2
分类: ☘️广东频道, 名称: 广东民生, 有效: 1, IPv4: 3, IPv6: 0, 最小延迟: 40 ms, 最高速率: 1.72 MiB/s, 平均速率: 1.72 MiB/s, 最高分辨率: 1280x720, 平均帧率: 60.0, 视频编解码器: h264, 音频编解码器: aac
分类: ☘️广东频道, 名称: 大湾区卫视, 有效: 1, IPv4: 4, IPv6: 0, 最小延迟: 39 ms, 最高速率: 7.09 MiB/s, 平均速率: 7.09 MiB/s, 最高分辨率: 1280x720, 平均帧率: 37.5, 视频编解码器: h264, 音频编解码器: aac
分类: ☘️广东频道, 名称: 广州综合, 有效: 2, IPv4: 3, IPv6: 0, 最小延迟: 322 ms, 最高速率: 0.51 MiB/s, 平均速率: 0.47 MiB/s, 最高分辨率: 1280x720, 平均帧率: 25.0, 视频编解码器: h264, 音频编解码器: aac
